nohup: ignoring input
=== Inizio metadyn_0 ===
Loading gcc/12.2.0
  Loading requirement: zlib-ng/2.1.6-jkgunjc zstd/1.5.6-uq5yyux binutils/2.42
Loading cuda/12.2
  Loading requirement: libiconv/1.17-nhc3mhm xz/5.4.6-xxxg42c
    libxml2/2.10.3-zbbe7lm
Loading openmpi/4.1.6--gcc--12.2.0-cuda-12.2
  Loading requirement: glibc/2.28--gcc--12.2.0-gi6mmti
    gcc-runtime/12.2.0--gcc--12.2.0-dqfwf7y numactl/2.0.14--gcc--12.2.0-cxzp4ci
    bzip2/1.0.8-ib3znej ncurses/6.5-svfl57u pigz/2.8-5bwzpml tar/1.34-jgektnv
    gettext/0.22.5-hsxgafg krb5/1.20.1-n4kmebh libedit/3.1-20230828-nme7boz
    libxcrypt/4.4.35-7om46b5 openssh/9.7p1-tk2b5yv
Loading plumed/2.9.2--openmpi--4.1.6--gcc--12.2.0
  Loading requirement: openblas/0.3.26--gcc--12.2.0
    gsl/2.7.1--gcc--12.2.0-spack0.22
Traiettoria: elaborazione impostata fino a 80000 ps (80 ns)
Chunk 0-2000 ps: gia' fatto, salto
Chunk 2000-4000 ps: gia' fatto, salto
Chunk 4000-6000 ps: gia' fatto, salto
Chunk 6000-8000 ps: estraggo...
  -> completato (chunks/prot_pbc_6000-8000.trr)
Chunk 8000-10000 ps: estraggo...
  -> completato (chunks/prot_pbc_8000-10000.trr)
Chunk 10000-12000 ps: estraggo...
  -> completato (chunks/prot_pbc_10000-12000.trr)
Chunk 12000-14000 ps: estraggo...
  -> completato (chunks/prot_pbc_12000-14000.trr)
Chunk 14000-16000 ps: estraggo...
  -> completato (chunks/prot_pbc_14000-16000.trr)
Chunk 16000-18000 ps: estraggo...
../extract_prot_pbc_chunked.sh: line 84: 172391 Killed                  $gmx trjconv -s metadyn.tpr -f metadyn.trr -o "${chunk_file}" -pbc mol -b "${b}" -e "${e}" > "chunks/log_${chunk_label}.out" 2>&1  <<STOP
${outGrp}
STOP

=== Inizio metadyn_1 ===
Loading gcc/12.2.0
  Loading requirement: zlib-ng/2.1.6-jkgunjc zstd/1.5.6-uq5yyux binutils/2.42
Loading cuda/12.2
  Loading requirement: libiconv/1.17-nhc3mhm xz/5.4.6-xxxg42c
    libxml2/2.10.3-zbbe7lm
Loading openmpi/4.1.6--gcc--12.2.0-cuda-12.2
  Loading requirement: glibc/2.28--gcc--12.2.0-gi6mmti
    gcc-runtime/12.2.0--gcc--12.2.0-dqfwf7y numactl/2.0.14--gcc--12.2.0-cxzp4ci
    bzip2/1.0.8-ib3znej ncurses/6.5-svfl57u pigz/2.8-5bwzpml tar/1.34-jgektnv
    gettext/0.22.5-hsxgafg krb5/1.20.1-n4kmebh libedit/3.1-20230828-nme7boz
    libxcrypt/4.4.35-7om46b5 openssh/9.7p1-tk2b5yv
Loading plumed/2.9.2--openmpi--4.1.6--gcc--12.2.0
  Loading requirement: openblas/0.3.26--gcc--12.2.0
    gsl/2.7.1--gcc--12.2.0-spack0.22
Traiettoria: elaborazione impostata fino a 80000 ps (80 ns)
Chunk 0-2000 ps: estraggo...
  -> completato (chunks/prot_pbc_0-2000.trr)
Chunk 2000-4000 ps: estraggo...
  -> completato (chunks/prot_pbc_2000-4000.trr)
Chunk 4000-6000 ps: estraggo...
  -> completato (chunks/prot_pbc_4000-6000.trr)
Chunk 6000-8000 ps: estraggo...
  -> completato (chunks/prot_pbc_6000-8000.trr)
Chunk 8000-10000 ps: estraggo...
  -> completato (chunks/prot_pbc_8000-10000.trr)
Chunk 10000-12000 ps: estraggo...
  -> completato (chunks/prot_pbc_10000-12000.trr)
Chunk 12000-14000 ps: estraggo...
  -> completato (chunks/prot_pbc_12000-14000.trr)
Chunk 14000-16000 ps: estraggo...
  -> completato (chunks/prot_pbc_14000-16000.trr)
Chunk 16000-18000 ps: estraggo...
  -> completato (chunks/prot_pbc_16000-18000.trr)
Chunk 18000-20000 ps: estraggo...
